(env) PS B:\Projects\django> python manage.py shell                            
Python 3.10.6 (tags/v3.10.6:9c7b4bd, Aug  1 2022, 21:53:49) [MSC v.1932 64 bit 
(AMD64)] on win32
Type "help", "copyright", "credits" or "license" for more information.
(InteractiveConsole)
>>> job_post.object.all()
Traceback (most recent call last):
  File "<console>", line 1, in <module>
NameError: name 'job_post' is not defined
>>> job_post.objects.all() 
Traceback (most recent call last):
  File "<console>", line 1, in <module>
NameError: name 'job_post' is not defined
>>> from app.models import job_post
>>> job_post.object.all()
Traceback (most recent call last):
  File "<console>", line 1, in <module>
AttributeError: type object 'job_post' has no attribute 'object'
>>> job_post.objects.all()
<QuerySet [<job_post: Job 1>, <job_post: Job 2>]>
>>>

***********************************************************************************************

(env) PS B:\Projects\django> python manage.py shell
Python 3.10.6 (tags/v3.10.6:9c7b4bd, Aug  1 2022, 21:53:49) [MSC v.1932 64 bit 
(AMD64)] on win32
Type "help", "copyright", "credits" or "license" for more information.
(InteractiveConsole)
>>> from app.models import job_post
>>> job_post.objects.all()
<QuerySet [<job_post: job_post object (1)>, <job_post: job_post object (2)>]>
>>>